HI-TECH Software C Compiler 

Linker command line:

--edf=C:\Program Files\HI-TECH Software\PICC\9.83\dat\en_msgs.txt -cs \
  -h+UART TX.sym -z -Q16F877A -ol.obj -MUART TX.map -E1 -ACONST=00h-0FFhx32 \
  -ACODE=00h-07FFhx4 -ASTRCODE=00h-01FFFh -AENTRY=00h-0FFhx32 \
  -ASTRING=00h-0FFhx32 -ABANK0=020h-06Fh -ABANK1=0A0h-0EFh \
  -ABANK2=0110h-016Fh -ABANK3=0190h-01EFh \
  -ARAM=020h-06Fh,0A0h-0EFh,0110h-016Fh,0190h-01EFh \
  -AABS1=020h-07Fh,0A0h-0EFh,0110h-016Fh,0190h-01EFh -ACOMMON=070h-07Fh \
  -ASFR0=00h-01Fh -ASFR1=080h-09Fh -ASFR2=0100h-010Fh -ASFR3=0180h-018Fh \
  -preset_vec=00h,intentry,init,end_init -ppowerup=CODE -pfunctab=CODE \
  -ACONFIG=02007h-02007h -pconfig=CONFIG -DCONFIG=2 -AIDLOC=02000h-02003h \
  -pidloc=IDLOC -DIDLOC=2 -AEEDATA=00h-0FFh/02100h -peeprom_data=EEDATA \
  -DEEDATA=2 -DCODE=2 -DSTRCODE=2 -DSTRING=2 -DCONST=2 -DENTRY=2 -k \
  startup.obj UART TX.obj 

Object code version is 3.10

Machine type is 16F877A



                Name                               Link     Load   Length Selector   Space Scale
startup.obj     end_init                              0        0        3        0       0
UART TX.obj     config                             2007     2007        1     400E       0
                text137                             70C      70C        D      E18       0
                text136                             700      700        C      E00       0
                text135                             76E      76E       2F      EDC       0
                text134                             79D      79D       2F      F3A       0
                text133                             72C      72C       21      E58       0
                text132                             74D      74D       21      E9A       0
                text131                             719      719       13      E32       0
                maintext                            7CC      7CC       34      F98       0
                cstackCOMMON                         70       70        5       70       1
                cinit                               6FC      6FC        4      DF8       0
                strings                               3        3       1C        6       0

TOTAL           Name                               Link     Load   Length     Space
        CLASS   CONST          

        CLASS   CODE           
                end_init                              0        0        3         0
                text137                             70C      70C        D         0
                text136                             700      700        C         0
                text135                             76E      76E       2F         0
                text134                             79D      79D       2F         0
                text133                             72C      72C       21         0
                text132                             74D      74D       21         0
                text131                             719      719       13         0
                maintext                            7CC      7CC       34         0
                cinit                               6FC      6FC        4         0

        CLASS   STRCODE        

        CLASS   ENTRY          

        CLASS   STRING         
                strings                               3        3       1C         0

        CLASS   BANK0          

        CLASS   BANK1          

        CLASS   BANK2          

        CLASS   BANK3          

        CLASS   RAM            

        CLASS   ABS1           
                abs_s1                               7E       7E        2         1

        CLASS   COMMON         
                cstackCOMMON                         70       70        5         1

        CLASS   SFR0           

        CLASS   SFR1           

        CLASS   SFR2           

        CLASS   SFR3           

        CLASS   CONFIG         
                config                             2007     2007        1         0

        CLASS   IDLOC          

        CLASS   EEDATA         



SEGMENTS        Name                           Load    Length   Top    Selector   Space  Class     Delta

                reset_vec                      000000  000003  000003         0       0  CODE        2
                strings                        000003  00001C  00001F         6       0  STRING      2
                cstackCOMMON                   000070  000005  000075        70       1  COMMON      1
                cinit                          0006FC  000004  000700       DF8       0  CODE        2
                text136                        000700  00000C  00070C       E00       0  CODE        2
                text137                        00070C  00000D  000719       E18       0  CODE        2
                text131                        000719  000013  00072C       E32       0  CODE        2
                text133                        00072C  000021  00074D       E58       0  CODE        2
                text132                        00074D  000021  00076E       E9A       0  CODE        2
                text135                        00076E  00002F  00079D       EDC       0  CODE        2
                text134                        00079D  00002F  0007CC       F3A       0  CODE        2
                maintext                       0007CC  000034  000800       F98       0  CODE        2
                config                         002007  000001  002008      400E       0  CONFIG      2


UNUSED ADDRESS RANGES

        Name                Unused          Largest block    Delta
        BANK0            0020-006F             50           1
        BANK1            00A0-00EF             50           1
        BANK2            0110-016F             60           1
        BANK3            0190-01EF             60           1
        CODE             001F-06FB            6DD           2
                         0800-1FFF            800
        COMMON           0075-007D              9           1
        CONST            001F-06FB            100           2
                         0800-1FFF            100
        EEDATA           2100-21FF            100           2
        ENTRY            001F-06FB            100           2
                         0800-1FFF            100
        IDLOC            2000-2003              4           2
        RAM              0020-006F             50           1
                         00A0-00EF             50
                         0110-016F             60
                         0190-01EF             60
        SFR0             0000-001F             20           1
        SFR1             0080-009F             20           1
        SFR2             0100-010F             10           1
        SFR3             0180-018F             10           1
        STRCODE          001F-06FB            6DD           2
                         0800-1FFF           1800
        STRING           001F-06FB            100           2
                         0800-1FFF            100

                                  Symbol Table

??_Lcd_Command               cstackCOMMON 0070
??_Lcd_Data                  cstackCOMMON 0070
??_Lcd_Intialization         cstackCOMMON 0073
??_Lcd_String                cstackCOMMON 0073
??_TX                        cstackCOMMON 0070
??_TX_String                 cstackCOMMON 0071
??_Uart_Intialization        cstackCOMMON 0070
??_main                      cstackCOMMON 0075
?_Lcd_Command                cstackCOMMON 0070
?_Lcd_Data                   cstackCOMMON 0070
?_Lcd_Intialization          cstackCOMMON 0070
?_Lcd_String                 cstackCOMMON 0070
?_TX                         cstackCOMMON 0070
?_TX_String                  cstackCOMMON 0070
?_Uart_Intialization         cstackCOMMON 0070
?_main                       cstackCOMMON 0070
Lcd_Command@cmd              cstackCOMMON 0072
Lcd_Data@Data                cstackCOMMON 0072
Lcd_String@Str               cstackCOMMON 0074
TX@x                         cstackCOMMON 0070
TX_String@Str                cstackCOMMON 0072
_CARRY                       (abs)        0018
_EEADR                       (abs)        010D
_EECON1                      (abs)        018C
_EECON2                      (abs)        018D
_EEDATA                      (abs)        010C
_GIE                         (abs)        005F
_Lcd_Command                 text135      076E
_Lcd_Data                    text134      079D
_Lcd_Intialization           text131      0719
_Lcd_String                  text132      074D
_PORTD                       (abs)        0008
_RCSTA                       (abs)        0018
_RD                          (abs)        0C60
_RD2                         (abs)        0042
_RD3                         (abs)        0043
_SPBRG                       (abs)        0099
_TRISC6                      (abs)        043E
_TRISC7                      (abs)        043F
_TRISD                       (abs)        0088
_TX                          text136      0700
_TXIF                        (abs)        0064
_TXREG                       (abs)        0019
_TXSTA                       (abs)        0098
_TX_String                   text133      072C
_Uart_Intialization          text137      070C
_WR                          (abs)        0C61
_WREN                        (abs)        0C62
__Habs1                      abs1         0000
__Hbank0                     bank0        0000
__Hbank1                     bank1        0000
__Hbank2                     bank2        0000
__Hbank3                     bank3        0000
__Hcinit                     cinit        0000
__Hclrtext                   clrtext      0000
__Hcode                      code         0000
__Hcommon                    common       0000
__Hconfig                    config       2008
__HcstackCOMMON              cstackCOMMON 0000
__Heeprom_data               eeprom_data  0000
__Hend_init                  end_init     0003
__Hfunctab                   functab      0000
__Hidloc                     idloc        0000
__Hinit                      init         0000
__Hintentry                  intentry     0000
__Hmaintext                  maintext     0000
__Hpowerup                   powerup      0000
__Hram                       ram          0000
__Hreset_vec                 reset_vec    0000
__Hsfr0                      sfr0         0000
__Hsfr1                      sfr1         0000
__Hsfr2                      sfr2         0000
__Hsfr3                      sfr3         0000
__Hstrings                   strings      0000
__Htext                      text         0000
__Labs1                      abs1         0000
__Lbank0                     bank0        0000
__Lbank1                     bank1        0000
__Lbank2                     bank2        0000
__Lbank3                     bank3        0000
__Lcinit                     cinit        0000
__Lclrtext                   clrtext      0000
__Lcode                      code         0000
__Lcommon                    common       0000
__Lconfig                    config       2007
__LcstackCOMMON              cstackCOMMON 0000
__Leeprom_data               eeprom_data  0000
__Lend_init                  end_init     0000
__Lfunctab                   functab      0000
__Lidloc                     idloc        0000
__Linit                      init         0000
__Lintentry                  intentry     0000
__Lmaintext                  maintext     0000
__Lpowerup                   powerup      0000
__Lram                       ram          0000
__Lreset_vec                 reset_vec    0000
__Lsfr0                      sfr0         0000
__Lsfr1                      sfr1         0000
__Lsfr2                      sfr2         0000
__Lsfr3                      sfr3         0000
__Lstrings                   strings      0000
__Ltext                      text         0000
__S0                         (abs)        2008
__S1                         (abs)        0075
__S2                         (abs)        0000
__end_of_Lcd_Command         text135      079D
__end_of_Lcd_Data            text134      07CC
__end_of_Lcd_Intialization   text131      072C
__end_of_Lcd_String          text132      076E
__end_of_TX                  text136      070C
__end_of_TX_String           text133      074D
__end_of_Uart_Intialization  text137      0719
__end_of_main                maintext     0800
__pcstackCOMMON              cstackCOMMON 0070
__pmaintext                  maintext     07CC
__pstrings                   strings      0003
__ptext130                   text130      0000
__ptext131                   text131      0719
__ptext132                   text132      074D
__ptext133                   text133      072C
__ptext134                   text134      079D
__ptext135                   text135      076E
__ptext136                   text136      0700
__ptext137                   text137      070C
__ptext138                   text138      0000
__size_of_Lcd_Command        (abs)        0000
__size_of_Lcd_Data           (abs)        0000
__size_of_Lcd_Intialization  (abs)        0000
__size_of_Lcd_String         (abs)        0000
__size_of_TX                 (abs)        0000
__size_of_TX_String          (abs)        0000
__size_of_Uart_Intialization (abs)        0000
__size_of_main               (abs)        0000
_exit                        init         0000
_main                        maintext     07CC
btemp                        (abs)        007E
end_of_initialization        cinit        06FC
intlevel0                    functab      0000
intlevel1                    functab      0000
intlevel2                    functab      0000
intlevel3                    functab      0000
intlevel4                    functab      0000
intlevel5                    functab      0000
reset_vec                    reset_vec    0000
start                        init         0000
start_initialization         cinit        06FC
wtemp0                       (abs)        007E
